// Jest Snapshot v1, https://goo.gl/fbAQLP

exports[`Page templates creates js for a package example pages 1`] = `
"import React from 'react';
import fileContents from '!!raw-loader!../example';
import * as Components from '../example';
import Wrapper from '../wrappers/package-example';

const Example = () => ( 
  <Wrapper data={{\\"pageTitle\\":\\"\\"}} fileContents={fileContents}>
    {
      [{ 
          name: 'default', 
          component: <Components.default /> 
        }, 
        ...Object.keys(Components).filter(componentName => componentName !== 'default')
        .map(componentName => {
          const Component = Components[componentName];
          return {
            name: componentName,
            component: <Component />
          }
        })
      ]
    }
  </Wrapper>
)
export default Example"
`;
